2026-08-14T16:24:04Z	ok	200	103
2026-08-14T17:08:37Z	ok	200	128
2026-08-14T18:03:56Z	ok	200	76
2026-08-14T19:11:41Z	ok	200	215
2026-08-14T19:55:07Z	ok	200	43
2026-08-14T20:22:08Z	ok	200	97
2026-08-14T20:53:10Z	ok	200	66
2026-08-14T21:16:12Z	ok	200	85
2026-08-14T21:46:29Z	ok	200	43
2026-08-14T22:12:53Z	ok	200	43
2026-08-14T22:40:06Z	ok	200	82
2026-08-14T22:57:39Z	ok	200	69
2026-08-14T23:19:13Z	ok	200	40
2026-08-14T23:44:25Z	ok	200	97
2026-08-15T00:00:24Z	ok	200	183
2026-08-15T01:47:26Z	ok	200	122
2026-08-15T02:44:17Z	ok	200	71
2026-08-15T03:23:34Z	ok	200	155
2026-08-15T04:00:36Z	ok	200	140
2026-08-15T04:44:30Z	ok	200	142
2026-08-15T05:02:59Z	ok	200	70
2026-08-15T05:37:23Z	ok	200	109
2026-08-15T05:58:37Z	ok	200	111
2026-08-15T06:37:28Z	ok	200	122
2026-08-15T07:15:15Z	ok	200	42
